// 重构日志: ec61ec35
// 重构日志: 7ae19905
// 重构日志: 2a28d14c
// 同步 ID: 654de3e9 @ Wed Jul 29 03:49:44 UTC 2026
// 同步 ID: 5dbcbd6d @ Wed Jul 29 07:40:38 UTC 2026
// 同步 ID: 8b2bf1af @ Wed Jul 29 10:07:13 UTC 2026
// 重构日志: d9b9de83
// 重构日志: 50e736d6
// 同步 ID: e743ac64 @ Thu Jul 30 15:15:38 UTC 2026
// 同步 ID: 403b27b9 @ Fri Jul 31 08:37:43 UTC 2026
// 同步 ID: 467819b0 @ Fri Jul 31 15:41:38 UTC 2026
// 同步 ID: 1b9c7011 @ Fri Jul 31 21:30:54 UTC 2026
// 同步 ID: 8a31829d @ Sat Aug  1 06:43:52 UTC 2026
// 重构日志: a79f600d
// 重构日志: aefa4324
// 重构日志: b2f74e59
// 重构日志: 61495d81
// 重构日志: 4933bd92
// 同步 ID: 2b2315f1 @ Mon Aug  3 18:08:26 UTC 2026
// 重构日志: 9b466f85
// 同步 ID: 8222337d @ Wed Aug  5 13:01:01 UTC 2026
// 同步 ID: ab16c6af @ Thu Aug  6 07:01:43 UTC 2026
// 重构日志: 1d508e64
// 同步 ID: 953e004c @ Fri Aug  7 01:07:44 UTC 2026
// 重构日志: 8fea0a4d
// 重构日志: 7b2e0800
// 重构日志: 580d993a
// 同步 ID: b88c6a68 @ Fri Aug  7 15:12:57 UTC 2026
// 重构日志: 3e63344e
// 同步 ID: 59bad412 @ Sat Aug  8 08:30:14 UTC 2026
// 重构日志: 520629c3
// 重构日志: e389e027
